<html>
<body>
<pre>
<h1>µVision Build Log</h1>
<h2>Tool Versions:</h2>
IDE-Version: ¦ÌVision V5.38.0.0
Copyright (C) 2022 ARM Ltd and ARM Germany GmbH. All rights reserved.
License Information: 1 11, 111, LIC=8VRJ7-EXKIP-RAXDM-XYKJL-IPF1Y-8UZV9
 
Tool Versions:
Toolchain:       MDK-ARM Plus  Version: 5.38.0.0
Toolchain Path:  D:\Keil\ARM\ARMCC\Bin
C Compiler:      Armcc.exe V5.06 update 7 (build 960)
Assembler:       Armasm.exe V5.06 update 7 (build 960)
Linker/Locator:  ArmLink.exe V5.06 update 7 (build 960)
Library Manager: ArmAr.exe V5.06 update 7 (build 960)
Hex Converter:   FromElf.exe V5.06 update 7 (build 960)
CPU DLL:         SARMCM3.DLL V5.38.0.0
Dialog DLL:      DCM.DLL V1.17.5.0
Target DLL:      CMSIS_AGDI.dll V1.33.15.0
Dialog DLL:      TCM.DLL V1.56.4.0
 
<h2>Project:</h2>
D:\project\BlueCar\car\MDK-ARM\car.uvprojx
Project File Date:  09/07/2024

<h2>Output:</h2>
*** Using Compiler 'V5.06 update 7 (build 960)', folder: 'D:\Keil\ARM\ARMCC\Bin'
Build target 'car'
compiling Control.c...
compiling main.c...
compiling Car.c...
..\Core\Src\Car.c(53): warning:  #188-D: enumerated type mixed with another type
    HAL_GPIO_WritePin(gpioHandle,IN1,0);
..\Core\Src\Car.c(54): warning:  #188-D: enumerated type mixed with another type
  	HAL_GPIO_WritePin(gpioHandle,IN2,0);
..\Core\Src\Car.c(55): warning:  #188-D: enumerated type mixed with another type
  	HAL_GPIO_WritePin(gpioHandle,IN3,0);
..\Core\Src\Car.c(56): warning:  #188-D: enumerated type mixed with another type
  	HAL_GPIO_WritePin(gpioHandle,IN4,0);  
..\Core\Src\Car.c(70): warning:  #188-D: enumerated type mixed with another type
    HAL_GPIO_WritePin(gpioHandle,IN1,1);
..\Core\Src\Car.c(71): warning:  #188-D: enumerated type mixed with another type
  	HAL_GPIO_WritePin(gpioHandle,IN2,0);
..\Core\Src\Car.c(72): warning:  #188-D: enumerated type mixed with another type
  	HAL_GPIO_WritePin(gpioHandle,IN3,1);
..\Core\Src\Car.c(73): warning:  #188-D: enumerated type mixed with another type
  	HAL_GPIO_WritePin(gpioHandle,IN4,0); 
..\Core\Src\Car.c(80): warning:  #188-D: enumerated type mixed with another type
    HAL_GPIO_WritePin(gpioHandle,IN1,0);
..\Core\Src\Car.c(81): warning:  #188-D: enumerated type mixed with another type
  	HAL_GPIO_WritePin(gpioHandle,IN2,1);
..\Core\Src\Car.c(82): warning:  #188-D: enumerated type mixed with another type
  	HAL_GPIO_WritePin(gpioHandle,IN3,0);
..\Core\Src\Car.c(83): warning:  #188-D: enumerated type mixed with another type
  	HAL_GPIO_WritePin(gpioHandle,IN4,1); 
..\Core\Src\Car.c(100): warning:  #188-D: enumerated type mixed with another type
  	HAL_GPIO_WritePin(gpioHandle,IN1,1);
..\Core\Src\Car.c(101): warning:  #188-D: enumerated type mixed with another type
  	HAL_GPIO_WritePin(gpioHandle,IN2,0);
..\Core\Src\Car.c(102): warning:  #188-D: enumerated type mixed with another type
  	HAL_GPIO_WritePin(gpioHandle,IN3,0);
..\Core\Src\Car.c(103): warning:  #188-D: enumerated type mixed with another type
  	HAL_GPIO_WritePin(gpioHandle,IN4,1); 
..\Core\Src\Car.c: 16 warnings, 0 errors
linking...
Program Size: Code=7584 RO-data=312 RW-data=40 ZI-data=1680  
FromELF: creating hex file...
"car\car.axf" - 0 Error(s), 16 Warning(s).

<h2>Software Packages used:</h2>

Package Vendor: ARM
                http://www.keil.com/pack/ARM.CMSIS.5.9.0.pack
                ARM.CMSIS.5.9.0
                CMSIS (Common Microcontroller Software Interface Standard)
   * Component: CORE Version: 5.6.0

Package Vendor: Keil
                https://www.keil.com/pack/Keil.STM32F1xx_DFP.2.4.1.pack
                Keil.STM32F1xx_DFP.2.4.1
                STMicroelectronics STM32F1 Series Device Support, Drivers and Examples

<h2>Collection of Component include folders:</h2>
  ./RTE/_car
  D:/Keil/Packs/ARM/CMSIS/5.9.0/CMSIS/Core/Include
  D:/Keil/Packs/Keil/STM32F1xx_DFP/2.4.1/Device/Include

<h2>Collection of Component Files used:</h2>

   * Component: ARM::CMSIS:CORE:5.6.0
      Include file:  CMSIS/Core/Include/tz_context.h
Build Time Elapsed:  00:00:03
</pre>
</body>
</html>
